Archive member included because of file (symbol)

/opt/Freescale/KDS_v3/toolchain/bin/../lib/gcc/arm-none-eabi/4.8.4/../../../../arm-none-eabi/lib/armv6-m/libg_s.a(lib_a-exit.o)
                              /opt/Freescale/KDS_v3/toolchain/bin/../lib/gcc/arm-none-eabi/4.8.4/../../../../arm-none-eabi/lib/armv6-m/crt0.o (exit)
/opt/Freescale/KDS_v3/toolchain/bin/../lib/gcc/arm-none-eabi/4.8.4/../../../../arm-none-eabi/lib/armv6-m/libg_s.a(lib_a-impure.o)
                              /opt/Freescale/KDS_v3/toolchain/bin/../lib/gcc/arm-none-eabi/4.8.4/../../../../arm-none-eabi/lib/armv6-m/libg_s.a(lib_a-exit.o) (_global_impure_ptr)
/opt/Freescale/KDS_v3/toolchain/bin/../lib/gcc/arm-none-eabi/4.8.4/../../../../arm-none-eabi/lib/armv6-m/libg_s.a(lib_a-init.o)
                              /opt/Freescale/KDS_v3/toolchain/bin/../lib/gcc/arm-none-eabi/4.8.4/../../../../arm-none-eabi/lib/armv6-m/crt0.o (__libc_init_array)
/opt/Freescale/KDS_v3/toolchain/bin/../lib/gcc/arm-none-eabi/4.8.4/../../../../arm-none-eabi/lib/armv6-m/libg_s.a(lib_a-memset.o)
                              /opt/Freescale/KDS_v3/toolchain/bin/../lib/gcc/arm-none-eabi/4.8.4/../../../../arm-none-eabi/lib/armv6-m/crt0.o (memset)
/opt/Freescale/KDS_v3/toolchain/bin/../lib/gcc/arm-none-eabi/4.8.4/../../../../arm-none-eabi/lib/armv6-m/libnosys.a(_exit.o)
                              /opt/Freescale/KDS_v3/toolchain/bin/../lib/gcc/arm-none-eabi/4.8.4/../../../../arm-none-eabi/lib/armv6-m/libg_s.a(lib_a-exit.o) (_exit)

Allocating common symbols
Common symbol       size              file

tick                0x4               ./Sources/mySysTick.o
SR_reg              0x1               ./Generated_Code/Cpu.o

Discarded input sections

 .text          0x00000000        0x0 /opt/Freescale/KDS_v3/toolchain/bin/../lib/gcc/arm-none-eabi/4.8.4/armv6-m/crti.o
 .data          0x00000000        0x0 /opt/Freescale/KDS_v3/toolchain/bin/../lib/gcc/arm-none-eabi/4.8.4/armv6-m/crti.o
 .bss           0x00000000        0x0 /opt/Freescale/KDS_v3/toolchain/bin/../lib/gcc/arm-none-eabi/4.8.4/armv6-m/crti.o
 .data          0x00000000        0x4 /opt/Freescale/KDS_v3/toolchain/bin/../lib/gcc/arm-none-eabi/4.8.4/armv6-m/crtbegin.o
 .data          0x00000000        0x0 /opt/Freescale/KDS_v3/toolchain/bin/../lib/gcc/arm-none-eabi/4.8.4/../../../../arm-none-eabi/lib/armv6-m/crt0.o
 .bss           0x00000000        0x0 /opt/Freescale/KDS_v3/toolchain/bin/../lib/gcc/arm-none-eabi/4.8.4/../../../../arm-none-eabi/lib/armv6-m/crt0.o
 .ARM.extab     0x00000000        0x0 /opt/Freescale/KDS_v3/toolchain/bin/../lib/gcc/arm-none-eabi/4.8.4/../../../../arm-none-eabi/lib/armv6-m/crt0.o
 .group         0x00000000        0x8 ./Sources/Events.o
 .group         0x00000000        0x8 ./Sources/Events.o
 .group         0x00000000        0x8 ./Sources/Events.o
 .group         0x00000000        0x8 ./Sources/Events.o
 .group         0x00000000        0x8 ./Sources/Events.o
 .group         0x00000000        0x8 ./Sources/Events.o
 .group         0x00000000        0x8 ./Sources/Events.o
 .group         0x00000000        0x8 ./Sources/Events.o
 .group         0x00000000        0x8 ./Sources/Events.o
 .group         0x00000000        0x8 ./Sources/Events.o
 .group         0x00000000        0x8 ./Sources/Events.o
 .text          0x00000000        0x0 ./Sources/Events.o
 .data          0x00000000        0x0 ./Sources/Events.o
 .bss           0x00000000        0x0 ./Sources/Events.o
 .group         0x00000000        0x8 ./Sources/main.o
 .group         0x00000000        0x8 ./Sources/main.o
 .group         0x00000000        0x8 ./Sources/main.o
 .group         0x00000000        0x8 ./Sources/main.o
 .group         0x00000000        0x8 ./Sources/main.o
 .group         0x00000000        0x8 ./Sources/main.o
 .group         0x00000000        0x8 ./Sources/main.o
 .group         0x00000000        0x8 ./Sources/main.o
 .group         0x00000000        0x8 ./Sources/main.o
 .group         0x00000000        0x8 ./Sources/main.o
 .group         0x00000000        0x8 ./Sources/main.o
 .group         0x00000000        0x8 ./Sources/main.o
 .group         0x00000000        0x8 ./Sources/main.o
 .group         0x00000000        0x8 ./Sources/main.o
 .text          0x00000000        0x0 ./Sources/main.o
 .data          0x00000000        0x0 ./Sources/main.o
 .bss           0x00000000        0x0 ./Sources/main.o
 .debug_macro   0x00000000      0x802 ./Sources/main.o
 .debug_macro   0x00000000       0x16 ./Sources/main.o
 .debug_macro   0x00000000       0x44 ./Sources/main.o
 .debug_macro   0x00000000      0x209 ./Sources/main.o
 .debug_macro   0x00000000     0x1568 ./Sources/main.o
 .debug_macro   0x00000000      0x14e ./Sources/main.o
 .debug_macro   0x00000000       0x5e ./Sources/main.o
 .debug_macro   0x00000000     0x51d7 ./Sources/main.o
 .debug_macro   0x00000000       0x94 ./Sources/main.o
 .debug_macro   0x00000000       0x12 ./Sources/main.o
 .debug_macro   0x00000000       0x10 ./Sources/main.o
 .group         0x00000000        0x8 ./Sources/mySysTick.o
 .text          0x00000000        0x0 ./Sources/mySysTick.o
 .data          0x00000000        0x0 ./Sources/mySysTick.o
 .bss           0x00000000        0x0 ./Sources/mySysTick.o
 .debug_macro   0x00000000      0x802 ./Sources/mySysTick.o
 .group         0x00000000        0x8 ./Project_Settings/Startup_Code/startup.o
 .group         0x00000000        0x8 ./Project_Settings/Startup_Code/startup.o
 .group         0x00000000        0x8 ./Project_Settings/Startup_Code/startup.o
 .group         0x00000000        0x8 ./Project_Settings/Startup_Code/startup.o
 .group         0x00000000        0x8 ./Project_Settings/Startup_Code/startup.o
 .group         0x00000000        0x8 ./Project_Settings/Startup_Code/startup.o
 .group         0x00000000        0x8 ./Project_Settings/Startup_Code/startup.o
 .group         0x00000000        0x8 ./Project_Settings/Startup_Code/startup.o
 .group         0x00000000        0x8 ./Project_Settings/Startup_Code/startup.o
 .group         0x00000000        0x8 ./Project_Settings/Startup_Code/startup.o
 .group         0x00000000        0x8 ./Project_Settings/Startup_Code/startup.o
 .group         0x00000000        0x8 ./Project_Settings/Startup_Code/startup.o
 .group         0x00000000        0x8 ./Project_Settings/Startup_Code/startup.o
 .group         0x00000000        0x8 ./Project_Settings/Startup_Code/startup.o
 .group         0x00000000        0x8 ./Project_Settings/Startup_Code/startup.o
 .group         0x00000000        0x8 ./Project_Settings/Startup_Code/startup.o
 .group         0x00000000        0x8 ./Project_Settings/Startup_Code/startup.o
 .group         0x00000000        0x8 ./Project_Settings/Startup_Code/startup.o
 .group         0x00000000        0x8 ./Project_Settings/Startup_Code/startup.o
 .text          0x00000000        0x0 ./Project_Settings/Startup_Code/startup.o
 .data          0x00000000        0x0 ./Project_Settings/Startup_Code/startup.o
 .bss           0x00000000        0x0 ./Project_Settings/Startup_Code/startup.o
 .text.__init_hardware
                0x00000000        0x8 ./Project_Settings/Startup_Code/startup.o
 .text.__iar_program_start
                0x00000000        0xc ./Project_Settings/Startup_Code/startup.o
 .debug_macro   0x00000000      0x802 ./Project_Settings/Startup_Code/startup.o
 .debug_macro   0x00000000       0x16 ./Project_Settings/Startup_Code/startup.o
 .group         0x00000000        0x8 ./Generated_Code/Cpu.o
 .group         0x00000000        0x8 ./Generated_Code/Cpu.o
 .group         0x00000000        0x8 ./Generated_Code/Cpu.o
 .group         0x00000000        0x8 ./Generated_Code/Cpu.o
 .group         0x00000000        0x8 ./Generated_Code/Cpu.o
 .group         0x00000000        0x8 ./Generated_Code/Cpu.o
 .group         0x00000000        0x8 ./Generated_Code/Cpu.o
 .group         0x00000000        0x8 ./Generated_Code/Cpu.o
 .group         0x00000000        0x8 ./Generated_Code/Cpu.o
 .group         0x00000000        0x8 ./Generated_Code/Cpu.o
 .group         0x00000000        0x8 ./Generated_Code/Cpu.o
 .text          0x00000000        0x0 ./Generated_Code/Cpu.o
 .data          0x00000000        0x0 ./Generated_Code/Cpu.o
 .bss           0x00000000        0x0 ./Generated_Code/Cpu.o
 .bss.SR_lock   0x00000000        0x1 ./Generated_Code/Cpu.o
 .debug_macro   0x00000000      0x802 ./Generated_Code/Cpu.o
 .debug_macro   0x00000000       0x16 ./Generated_Code/Cpu.o
 .debug_macro   0x00000000       0x44 ./Generated_Code/Cpu.o
 .debug_macro   0x00000000      0x209 ./Generated_Code/Cpu.o
 .debug_macro   0x00000000     0x1568 ./Generated_Code/Cpu.o
 .debug_macro   0x00000000      0x14e ./Generated_Code/Cpu.o
 .debug_macro   0x00000000       0x5e ./Generated_Code/Cpu.o
 .debug_macro   0x00000000     0x51d7 ./Generated_Code/Cpu.o
 .debug_macro   0x00000000       0x12 ./Generated_Code/Cpu.o
 .debug_macro   0x00000000       0x10 ./Generated_Code/Cpu.o
 COMMON         0x00000000        0x1 ./Generated_Code/Cpu.o
 .group         0x00000000        0x8 ./Generated_Code/PE_LDD.o
 .group         0x00000000        0x8 ./Generated_Code/PE_LDD.o
 .group         0x00000000        0x8 ./Generated_Code/PE_LDD.o
 .group         0x00000000        0x8 ./Generated_Code/PE_LDD.o
 .group         0x00000000        0x8 ./Generated_Code/PE_LDD.o
 .group         0x00000000        0x8 ./Generated_Code/PE_LDD.o
 .group         0x00000000        0x8 ./Generated_Code/PE_LDD.o
 .group         0x00000000        0x8 ./Generated_Code/PE_LDD.o
 .group         0x00000000        0x8 ./Generated_Code/PE_LDD.o
 .group         0x00000000        0x8 ./Generated_Code/PE_LDD.o
 .group         0x00000000        0x8 ./Generated_Code/PE_LDD.o
 .text          0x00000000        0x0 ./Generated_Code/PE_LDD.o
 .data          0x00000000        0x0 ./Generated_Code/PE_LDD.o
 .bss           0x00000000        0x0 ./Generated_Code/PE_LDD.o
 .rodata.PE_CpuClockConfigurations
                0x00000000       0x28 ./Generated_Code/PE_LDD.o
 .text.PE_FillMemory
                0x00000000       0x24 ./Generated_Code/PE_LDD.o
 .text.PE_PeripheralUsed
                0x00000000       0x14 ./Generated_Code/PE_LDD.o
 .text.LDD_SetClockConfiguration
                0x00000000       0x14 ./Generated_Code/PE_LDD.o
 .debug_info    0x00000000      0x215 ./Generated_Code/PE_LDD.o
 .debug_abbrev  0x00000000       0xf3 ./Generated_Code/PE_LDD.o
 .debug_aranges
                0x00000000       0x30 ./Generated_Code/PE_LDD.o
 .debug_ranges  0x00000000       0x20 ./Generated_Code/PE_LDD.o
 .debug_macro   0x00000000       0xa4 ./Generated_Code/PE_LDD.o
 .debug_macro   0x00000000      0x802 ./Generated_Code/PE_LDD.o
 .debug_macro   0x00000000       0x16 ./Generated_Code/PE_LDD.o
 .debug_macro   0x00000000       0x44 ./Generated_Code/PE_LDD.o
 .debug_macro   0x00000000      0x209 ./Generated_Code/PE_LDD.o
 .debug_macro   0x00000000     0x1568 ./Generated_Code/PE_LDD.o
 .debug_macro   0x00000000      0x14e ./Generated_Code/PE_LDD.o
 .debug_macro   0x00000000       0x5e ./Generated_Code/PE_LDD.o
 .debug_macro   0x00000000     0x51d7 ./Generated_Code/PE_LDD.o
 .debug_macro   0x00000000       0x9a ./Generated_Code/PE_LDD.o
 .debug_macro   0x00000000       0x12 ./Generated_Code/PE_LDD.o
 .debug_macro   0x00000000       0x10 ./Generated_Code/PE_LDD.o
 .debug_line    0x00000000      0x25f ./Generated_Code/PE_LDD.o
 .debug_str     0x00000000    0x254e1 ./Generated_Code/PE_LDD.o
 .comment       0x00000000       0x71 ./Generated_Code/PE_LDD.o
 .ARM.attributes
                0x00000000       0x32 ./Generated_Code/PE_LDD.o
 .debug_frame   0x00000000       0x6c ./Generated_Code/PE_LDD.o
 .group         0x00000000        0x8 ./Generated_Code/PTB.o
 .group         0x00000000        0x8 ./Generated_Code/PTB.o
 .group         0x00000000        0x8 ./Generated_Code/PTB.o
 .group         0x00000000        0x8 ./Generated_Code/PTB.o
 .group         0x00000000        0x8 ./Generated_Code/PTB.o
 .group         0x00000000        0x8 ./Generated_Code/PTB.o
 .group         0x00000000        0x8 ./Generated_Code/PTB.o
 .group         0x00000000        0x8 ./Generated_Code/PTB.o
 .group         0x00000000        0x8 ./Generated_Code/PTB.o
 .group         0x00000000        0x8 ./Generated_Code/PTB.o
 .text          0x00000000        0x0 ./Generated_Code/PTB.o
 .data          0x00000000        0x0 ./Generated_Code/PTB.o
 .bss           0x00000000        0x0 ./Generated_Code/PTB.o
 .debug_macro   0x00000000      0x802 ./Generated_Code/PTB.o
 .debug_macro   0x00000000       0x16 ./Generated_Code/PTB.o
 .debug_macro   0x00000000       0x44 ./Generated_Code/PTB.o
 .debug_macro   0x00000000      0x209 ./Generated_Code/PTB.o
 .debug_macro   0x00000000     0x1568 ./Generated_Code/PTB.o
 .debug_macro   0x00000000      0x14e ./Generated_Code/PTB.o
 .debug_macro   0x00000000       0x5e ./Generated_Code/PTB.o
 .debug_macro   0x00000000     0x51d7 ./Generated_Code/PTB.o
 .debug_macro   0x00000000       0x9a ./Generated_Code/PTB.o
 .debug_macro   0x00000000       0x12 ./Generated_Code/PTB.o
 .group         0x00000000        0x8 ./Generated_Code/SysTick.o
 .group         0x00000000        0x8 ./Generated_Code/SysTick.o
 .group         0x00000000        0x8 ./Generated_Code/SysTick.o
 .group         0x00000000        0x8 ./Generated_Code/SysTick.o
 .group         0x00000000        0x8 ./Generated_Code/SysTick.o
 .group         0x00000000        0x8 ./Generated_Code/SysTick.o
 .group         0x00000000        0x8 ./Generated_Code/SysTick.o
 .group         0x00000000        0x8 ./Generated_Code/SysTick.o
 .group         0x00000000        0x8 ./Generated_Code/SysTick.o
 .text          0x00000000        0x0 ./Generated_Code/SysTick.o
 .data          0x00000000        0x0 ./Generated_Code/SysTick.o
 .bss           0x00000000        0x0 ./Generated_Code/SysTick.o
 .debug_macro   0x00000000      0x802 ./Generated_Code/SysTick.o
 .debug_macro   0x00000000       0x16 ./Generated_Code/SysTick.o
 .debug_macro   0x00000000       0x44 ./Generated_Code/SysTick.o
 .debug_macro   0x00000000      0x209 ./Generated_Code/SysTick.o
 .debug_macro   0x00000000     0x1568 ./Generated_Code/SysTick.o
 .debug_macro   0x00000000      0x14e ./Generated_Code/SysTick.o
 .debug_macro   0x00000000       0x5e ./Generated_Code/SysTick.o
 .debug_macro   0x00000000     0x51d7 ./Generated_Code/SysTick.o
 .debug_macro   0x00000000       0x9a ./Generated_Code/SysTick.o
 .group         0x00000000        0x8 ./Generated_Code/Vectors.o
 .group         0x00000000        0x8 ./Generated_Code/Vectors.o
 .group         0x00000000        0x8 ./Generated_Code/Vectors.o
 .group         0x00000000        0x8 ./Generated_Code/Vectors.o
 .group         0x00000000        0x8 ./Generated_Code/Vectors.o
 .group         0x00000000        0x8 ./Generated_Code/Vectors.o
 .group         0x00000000        0x8 ./Generated_Code/Vectors.o
 .group         0x00000000        0x8 ./Generated_Code/Vectors.o
 .group         0x00000000        0x8 ./Generated_Code/Vectors.o
 .group         0x00000000        0x8 ./Generated_Code/Vectors.o
 .group         0x00000000        0x8 ./Generated_Code/Vectors.o
 .text          0x00000000        0x0 ./Generated_Code/Vectors.o
 .data          0x00000000        0x0 ./Generated_Code/Vectors.o
 .bss           0x00000000        0x0 ./Generated_Code/Vectors.o
 .debug_macro   0x00000000      0x802 ./Generated_Code/Vectors.o
 .debug_macro   0x00000000       0x16 ./Generated_Code/Vectors.o
 .debug_macro   0x00000000       0x44 ./Generated_Code/Vectors.o
 .debug_macro   0x00000000      0x209 ./Generated_Code/Vectors.o
 .debug_macro   0x00000000     0x1568 ./Generated_Code/Vectors.o
 .debug_macro   0x00000000      0x14e ./Generated_Code/Vectors.o
 .debug_macro   0x00000000       0x5e ./Generated_Code/Vectors.o
 .debug_macro   0x00000000     0x51d7 ./Generated_Code/Vectors.o
 .debug_macro   0x00000000       0x94 ./Generated_Code/Vectors.o
 .debug_macro   0x00000000       0x10 ./Generated_Code/Vectors.o
 .text          0x00000000        0x0 /opt/Freescale/KDS_v3/toolchain/bin/../lib/gcc/arm-none-eabi/4.8.4/../../../../arm-none-eabi/lib/armv6-m/libg_s.a(lib_a-exit.o)
 .data          0x00000000        0x0 /opt/Freescale/KDS_v3/toolchain/bin/../lib/gcc/arm-none-eabi/4.8.4/../../../../arm-none-eabi/lib/armv6-m/libg_s.a(lib_a-exit.o)
 .bss           0x00000000        0x0 /opt/Freescale/KDS_v3/toolchain/bin/../lib/gcc/arm-none-eabi/4.8.4/../../../../arm-none-eabi/lib/armv6-m/libg_s.a(lib_a-exit.o)
 .text          0x00000000        0x0 /opt/Freescale/KDS_v3/toolchain/bin/../lib/gcc/arm-none-eabi/4.8.4/../../../../arm-none-eabi/lib/armv6-m/libg_s.a(lib_a-impure.o)
 .data          0x00000000        0x0 /opt/Freescale/KDS_v3/toolchain/bin/../lib/gcc/arm-none-eabi/4.8.4/../../../../arm-none-eabi/lib/armv6-m/libg_s.a(lib_a-impure.o)
 .bss           0x00000000        0x0 /opt/Freescale/KDS_v3/toolchain/bin/../lib/gcc/arm-none-eabi/4.8.4/../../../../arm-none-eabi/lib/armv6-m/libg_s.a(lib_a-impure.o)
 .data._impure_ptr
                0x00000000        0x4 /opt/Freescale/KDS_v3/toolchain/bin/../lib/gcc/arm-none-eabi/4.8.4/../../../../arm-none-eabi/lib/armv6-m/libg_s.a(lib_a-impure.o)
 .text          0x00000000        0x0 /opt/Freescale/KDS_v3/toolchain/bin/../lib/gcc/arm-none-eabi/4.8.4/../../../../arm-none-eabi/lib/armv6-m/libg_s.a(lib_a-init.o)
 .data          0x00000000        0x0 /opt/Freescale/KDS_v3/toolchain/bin/../lib/gcc/arm-none-eabi/4.8.4/../../../../arm-none-eabi/lib/armv6-m/libg_s.a(lib_a-init.o)
 .bss           0x00000000        0x0 /opt/Freescale/KDS_v3/toolchain/bin/../lib/gcc/arm-none-eabi/4.8.4/../../../../arm-none-eabi/lib/armv6-m/libg_s.a(lib_a-init.o)
 .text          0x00000000        0x0 /opt/Freescale/KDS_v3/toolchain/bin/../lib/gcc/arm-none-eabi/4.8.4/../../../../arm-none-eabi/lib/armv6-m/libg_s.a(lib_a-memset.o)
 .data          0x00000000        0x0 /opt/Freescale/KDS_v3/toolchain/bin/../lib/gcc/arm-none-eabi/4.8.4/../../../../arm-none-eabi/lib/armv6-m/libg_s.a(lib_a-memset.o)
 .bss           0x00000000        0x0 /opt/Freescale/KDS_v3/toolchain/bin/../lib/gcc/arm-none-eabi/4.8.4/../../../../arm-none-eabi/lib/armv6-m/libg_s.a(lib_a-memset.o)
 .text          0x00000000        0x0 /opt/Freescale/KDS_v3/toolchain/bin/../lib/gcc/arm-none-eabi/4.8.4/../../../../arm-none-eabi/lib/armv6-m/libnosys.a(_exit.o)
 .data          0x00000000        0x0 /opt/Freescale/KDS_v3/toolchain/bin/../lib/gcc/arm-none-eabi/4.8.4/../../../../arm-none-eabi/lib/armv6-m/libnosys.a(_exit.o)
 .bss           0x00000000        0x0 /opt/Freescale/KDS_v3/toolchain/bin/../lib/gcc/arm-none-eabi/4.8.4/../../../../arm-none-eabi/lib/armv6-m/libnosys.a(_exit.o)
 .text          0x00000000        0x0 /opt/Freescale/KDS_v3/toolchain/bin/../lib/gcc/arm-none-eabi/4.8.4/armv6-m/crtend.o
 .data          0x00000000        0x0 /opt/Freescale/KDS_v3/toolchain/bin/../lib/gcc/arm-none-eabi/4.8.4/armv6-m/crtend.o
 .bss           0x00000000        0x0 /opt/Freescale/KDS_v3/toolchain/bin/../lib/gcc/arm-none-eabi/4.8.4/armv6-m/crtend.o
 .eh_frame      0x00000000        0x4 /opt/Freescale/KDS_v3/toolchain/bin/../lib/gcc/arm-none-eabi/4.8.4/armv6-m/crtend.o
 .jcr           0x00000000        0x4 /opt/Freescale/KDS_v3/toolchain/bin/../lib/gcc/arm-none-eabi/4.8.4/armv6-m/crtend.o
 .ARM.attributes
                0x00000000       0x2c /opt/Freescale/KDS_v3/toolchain/bin/../lib/gcc/arm-none-eabi/4.8.4/armv6-m/crtend.o
 .text          0x00000000        0x0 /opt/Freescale/KDS_v3/toolchain/bin/../lib/gcc/arm-none-eabi/4.8.4/armv6-m/crtn.o
 .data          0x00000000        0x0 /opt/Freescale/KDS_v3/toolchain/bin/../lib/gcc/arm-none-eabi/4.8.4/armv6-m/crtn.o
 .bss           0x00000000        0x0 /opt/Freescale/KDS_v3/toolchain/bin/../lib/gcc/arm-none-eabi/4.8.4/armv6-m/crtn.o

Memory Configuration

Name             Origin             Length             Attributes
m_interrupts     0x00000000         0x000000c0         xr
m_text           0x00000410         0x00007bf0         xr
m_data           0x1ffffc00         0x00001000         rw
m_cfmprotrom     0x00000400         0x00000010         xr
*default*        0x00000000         0xffffffff

Linker script and memory map

LOAD /opt/Freescale/KDS_v3/toolchain/bin/../lib/gcc/arm-none-eabi/4.8.4/armv6-m/crti.o
LOAD /opt/Freescale/KDS_v3/toolchain/bin/../lib/gcc/arm-none-eabi/4.8.4/armv6-m/crtbegin.o
LOAD /opt/Freescale/KDS_v3/toolchain/bin/../lib/gcc/arm-none-eabi/4.8.4/../../../../arm-none-eabi/lib/armv6-m/crt0.o
LOAD ./Sources/Events.o
LOAD ./Sources/main.o
LOAD ./Sources/mySysTick.o
LOAD ./Project_Settings/Startup_Code/startup.o
LOAD ./Generated_Code/Cpu.o
LOAD ./Generated_Code/PE_LDD.o
LOAD ./Generated_Code/PTB.o
LOAD ./Generated_Code/SysTick.o
LOAD ./Generated_Code/Vectors.o
LOAD /opt/Freescale/KDS_v3/toolchain/bin/../lib/gcc/arm-none-eabi/4.8.4/../../../../arm-none-eabi/lib/armv6-m/libstdc++_s.a
LOAD /opt/Freescale/KDS_v3/toolchain/bin/../lib/gcc/arm-none-eabi/4.8.4/../../../../arm-none-eabi/lib/armv6-m/libm.a
START GROUP
LOAD /opt/Freescale/KDS_v3/toolchain/bin/../lib/gcc/arm-none-eabi/4.8.4/armv6-m/libgcc.a
LOAD /opt/Freescale/KDS_v3/toolchain/bin/../lib/gcc/arm-none-eabi/4.8.4/../../../../arm-none-eabi/lib/armv6-m/libg_s.a
LOAD /opt/Freescale/KDS_v3/toolchain/bin/../lib/gcc/arm-none-eabi/4.8.4/../../../../arm-none-eabi/lib/armv6-m/libc_s.a
END GROUP
START GROUP
LOAD /opt/Freescale/KDS_v3/toolchain/bin/../lib/gcc/arm-none-eabi/4.8.4/armv6-m/libgcc.a
LOAD /opt/Freescale/KDS_v3/toolchain/bin/../lib/gcc/arm-none-eabi/4.8.4/../../../../arm-none-eabi/lib/armv6-m/libc_s.a
LOAD /opt/Freescale/KDS_v3/toolchain/bin/../lib/gcc/arm-none-eabi/4.8.4/../../../../arm-none-eabi/lib/armv6-m/libnosys.a
END GROUP
START GROUP
LOAD /opt/Freescale/KDS_v3/toolchain/bin/../lib/gcc/arm-none-eabi/4.8.4/armv6-m/libgcc.a
LOAD /opt/Freescale/KDS_v3/toolchain/bin/../lib/gcc/arm-none-eabi/4.8.4/../../../../arm-none-eabi/lib/armv6-m/libc_s.a
LOAD /opt/Freescale/KDS_v3/toolchain/bin/../lib/gcc/arm-none-eabi/4.8.4/../../../../arm-none-eabi/lib/armv6-m/libnosys.a
END GROUP
LOAD /opt/Freescale/KDS_v3/toolchain/bin/../lib/gcc/arm-none-eabi/4.8.4/armv6-m/crtend.o
LOAD /opt/Freescale/KDS_v3/toolchain/bin/../lib/gcc/arm-none-eabi/4.8.4/armv6-m/crtn.o
                0x20000c00                _estack = 0x20000c00
                0x20000c00                __SP_INIT = _estack
                0x20000c00                __stack = _estack
                0x00000000                __heap_size = 0x0
                0x00000100                __stack_size = 0x100

.interrupts     0x00000000       0xc0
                0x00000000                __vector_table = .
                0x00000000                . = ALIGN (0x4)
 *(.vectortable)
 .vectortable   0x00000000       0xc0 ./Generated_Code/Vectors.o
                0x00000000                __vect_table
                0x000000c0                . = ALIGN (0x4)

.cfmprotect     0x00000400       0x10
                0x00000400                . = ALIGN (0x4)
 *(.cfmconfig)
 .cfmconfig     0x00000400       0x10 ./Generated_Code/Cpu.o
                0x00000400                _cfm
                0x00000410                . = ALIGN (0x4)

.text           0x00000410      0x7f4
                0x00000410                . = ALIGN (0x4)
 *(.text)
 .text          0x00000410       0x60 /opt/Freescale/KDS_v3/toolchain/bin/../lib/gcc/arm-none-eabi/4.8.4/armv6-m/crtbegin.o
 .text          0x00000470       0x78 /opt/Freescale/KDS_v3/toolchain/bin/../lib/gcc/arm-none-eabi/4.8.4/../../../../arm-none-eabi/lib/armv6-m/crt0.o
                0x00000470                _mainCRTStartup
                0x00000470                _start
 *(.text*)
 .text.Cpu_OnNMIINT
                0x000004e8        0x8 ./Sources/Events.o
                0x000004e8                Cpu_OnNMIINT
 .text.buttonPushed
                0x000004f0       0x20 ./Sources/main.o
                0x000004f0                buttonPushed
 .text.toggleButtonMessage
                0x00000510       0x24 ./Sources/main.o
                0x00000510                toggleButtonMessage
 .text.check_button_task
                0x00000534       0x90 ./Sources/main.o
                0x00000534                check_button_task
 .text.turnOffLEDs
                0x000005c4       0x14 ./Sources/main.o
                0x000005c4                turnOffLEDs
 .text.turnOnLED
                0x000005d8       0x4c ./Sources/main.o
                0x000005d8                turnOnLED
 .text.toggle_LED_task
                0x00000624       0x88 ./Sources/main.o
                0x00000624                toggle_LED_task
 .text.main     0x000006ac       0x14 ./Sources/main.o
                0x000006ac                main
 .text.mySysTick
                0x000006c0       0x18 ./Sources/mySysTick.o
                0x000006c0                mySysTick
 .text.__copy_rom_section
                0x000006d8       0xd8 ./Project_Settings/Startup_Code/startup.o
                0x000006d8                __copy_rom_section
 .text.__copy_rom_sections_to_ram
                0x000007b0       0x98 ./Project_Settings/Startup_Code/startup.o
                0x000007b0                __copy_rom_sections_to_ram
 .text.__init_registers
                0x00000848        0x8 ./Project_Settings/Startup_Code/startup.o
                0x00000848                __init_registers
 .text.__init_user
                0x00000850        0x8 ./Project_Settings/Startup_Code/startup.o
                0x00000850                __init_user
 .text.__thumb_startup
                0x00000858       0x30 ./Project_Settings/Startup_Code/startup.o
                0x00000858                __thumb_startup
 .text.Cpu_INT_NMIInterrupt
                0x00000888        0xc ./Generated_Code/Cpu.o
                0x00000888                Cpu_INT_NMIInterrupt
 .text.Cpu_Interrupt
                0x00000894        0xc ./Generated_Code/Cpu.o
                0x00000894                Cpu_Interrupt
 .text.__init_hardware
                0x000008a0      0x100 ./Generated_Code/Cpu.o
                0x000008a0                __init_hardware
 .text.PE_low_level_init
                0x000009a0      0x150 ./Generated_Code/Cpu.o
                0x000009a0                PE_low_level_init
 .text.PTB_Init
                0x00000af0       0x40 ./Generated_Code/PTB.o
                0x00000af0                PTB_Init
 .text.SysTick_Init
                0x00000b30       0x28 ./Generated_Code/SysTick.o
                0x00000b30                SysTick_Init
 .text.exit     0x00000b58       0x2c /opt/Freescale/KDS_v3/toolchain/bin/../lib/gcc/arm-none-eabi/4.8.4/../../../../arm-none-eabi/lib/armv6-m/libg_s.a(lib_a-exit.o)
                0x00000b58                exit
 .text.__libc_init_array
                0x00000b84       0x4c /opt/Freescale/KDS_v3/toolchain/bin/../lib/gcc/arm-none-eabi/4.8.4/../../../../arm-none-eabi/lib/armv6-m/libg_s.a(lib_a-init.o)
                0x00000b84                __libc_init_array
 .text.memset   0x00000bd0       0x10 /opt/Freescale/KDS_v3/toolchain/bin/../lib/gcc/arm-none-eabi/4.8.4/../../../../arm-none-eabi/lib/armv6-m/libg_s.a(lib_a-memset.o)
                0x00000bd0                memset
 .text._exit    0x00000be0        0x4 /opt/Freescale/KDS_v3/toolchain/bin/../lib/gcc/arm-none-eabi/4.8.4/../../../../arm-none-eabi/lib/armv6-m/libnosys.a(_exit.o)
                0x00000be0                _exit
 *(.rodata)
 *(.rodata*)
 .rodata.str1.1
                0x00000be4        0x2 /opt/Freescale/KDS_v3/toolchain/bin/../lib/gcc/arm-none-eabi/4.8.4/../../../../arm-none-eabi/lib/armv6-m/libg_s.a(lib_a-impure.o)
 *fill*         0x00000be6        0x2 
 .rodata._global_impure_ptr
                0x00000be8        0x4 /opt/Freescale/KDS_v3/toolchain/bin/../lib/gcc/arm-none-eabi/4.8.4/../../../../arm-none-eabi/lib/armv6-m/libg_s.a(lib_a-impure.o)
                0x00000be8                _global_impure_ptr
 *(.glue_7)
 .glue_7        0x00000000        0x0 linker stubs
 *(.glue_7t)
 .glue_7t       0x00000000        0x0 linker stubs
 *(.eh_frame)
 .eh_frame      0x00000bec        0x0 /opt/Freescale/KDS_v3/toolchain/bin/../lib/gcc/arm-none-eabi/4.8.4/armv6-m/crtbegin.o
 *(.init)
 .init          0x00000bec        0x4 /opt/Freescale/KDS_v3/toolchain/bin/../lib/gcc/arm-none-eabi/4.8.4/armv6-m/crti.o
                0x00000bec                _init
 .init          0x00000bf0        0x8 /opt/Freescale/KDS_v3/toolchain/bin/../lib/gcc/arm-none-eabi/4.8.4/armv6-m/crtn.o
 *(.fini)
 .fini          0x00000bf8        0x4 /opt/Freescale/KDS_v3/toolchain/bin/../lib/gcc/arm-none-eabi/4.8.4/armv6-m/crti.o
                0x00000bf8                _fini
 .fini          0x00000bfc        0x8 /opt/Freescale/KDS_v3/toolchain/bin/../lib/gcc/arm-none-eabi/4.8.4/armv6-m/crtn.o
                0x00000c04                . = ALIGN (0x4)
                0x00000c04                _etext = .

.vfp11_veneer   0x00000c04        0x0
 .vfp11_veneer  0x00000000        0x0 linker stubs

.v4_bx          0x00000c04        0x0
 .v4_bx         0x00000000        0x0 linker stubs

.iplt           0x00000c04        0x0
 .iplt          0x00000000        0x0 /opt/Freescale/KDS_v3/toolchain/bin/../lib/gcc/arm-none-eabi/4.8.4/armv6-m/crtbegin.o

.ARM.extab
 *(.ARM.extab* .gnu.linkonce.armextab.*)

.ARM            0x00000c04        0x8
                0x00000c04                __exidx_start = .
 *(.ARM.exidx*)
 .ARM.exidx     0x00000c04        0x8 /opt/Freescale/KDS_v3/toolchain/bin/../lib/gcc/arm-none-eabi/4.8.4/../../../../arm-none-eabi/lib/armv6-m/crt0.o
                0x00000c0c                __exidx_end = .

.rel.dyn        0x00000c0c        0x0
 .rel.iplt      0x00000000        0x0 /opt/Freescale/KDS_v3/toolchain/bin/../lib/gcc/arm-none-eabi/4.8.4/armv6-m/crtbegin.o

.ctors          0x00000c0c        0x0
                0x00000c0c                __CTOR_LIST__ = .
 *crtbegin.o(.ctors)
 *(EXCLUDE_FILE(*crtend.o) .ctors)
 *(SORT(.ctors.*))
 *(.ctors)
                0x00000c0c                __CTOR_END__ = .

.dtors          0x00000c0c        0x0
                0x00000c0c                __DTOR_LIST__ = .
 *crtbegin.o(.dtors)
 *(EXCLUDE_FILE(*crtend.o) .dtors)
 *(SORT(.dtors.*))
 *(.dtors)
                0x00000c0c                __DTOR_END__ = .

.preinit_array  0x00000c0c        0x0
                0x00000c0c                PROVIDE (__preinit_array_start, .)
 *(.preinit_array*)
                0x00000c0c                PROVIDE (__preinit_array_end, .)

.init_array     0x00000c0c        0x4
                0x00000c0c                PROVIDE (__init_array_start, .)
 *(SORT(.init_array.*))
 *(.init_array*)
 .init_array    0x00000c0c        0x4 /opt/Freescale/KDS_v3/toolchain/bin/../lib/gcc/arm-none-eabi/4.8.4/armv6-m/crtbegin.o
                0x00000c10                PROVIDE (__init_array_end, .)

.fini_array     0x00000c10        0x4
                0x00000c10                PROVIDE (__fini_array_start, .)
 *(SORT(.fini_array.*))
 *(.fini_array*)
 .fini_array    0x00000c10        0x4 /opt/Freescale/KDS_v3/toolchain/bin/../lib/gcc/arm-none-eabi/4.8.4/armv6-m/crtbegin.o
                0x00000c14                PROVIDE (__fini_array_end, .)
                0x00000c14                ___ROM_AT = .

.mtb            0x1ffffc00        0x0
                0x1ffffc00                . = ALIGN (0x8)
                0x1ffffc00                _mtb_start = .
 *(.mtb_buf)
                0x1ffffc00                . = ALIGN (0x8)
                0x1ffffc00                _mtb_end = .

.data           0x1ffffc00       0x60 load address 0x00000c14
                0x1ffffc00                . = ALIGN (0x4)
                0x1ffffc00                _sdata = .
 *(.data)
 *(.data*)
 .data.impure_data
                0x1ffffc00       0x60 /opt/Freescale/KDS_v3/toolchain/bin/../lib/gcc/arm-none-eabi/4.8.4/../../../../arm-none-eabi/lib/armv6-m/libg_s.a(lib_a-impure.o)
                0x1ffffc60                . = ALIGN (0x4)
                0x1ffffc60                _edata = .
                0x00000060                ___data_size = (_edata - _sdata)

.jcr            0x1ffffc60        0x0 load address 0x00000c74
 .jcr           0x1ffffc60        0x0 /opt/Freescale/KDS_v3/toolchain/bin/../lib/gcc/arm-none-eabi/4.8.4/armv6-m/crtbegin.o

.igot.plt       0x1ffffc60        0x0 load address 0x00000c74
 .igot.plt      0x00000000        0x0 /opt/Freescale/KDS_v3/toolchain/bin/../lib/gcc/arm-none-eabi/4.8.4/armv6-m/crtbegin.o
                0x1ffffc60                . = ALIGN (0x4)

.bss            0x1ffffc60       0x34 load address 0x00000c74
                0x1ffffc60                __START_BSS = .
                0x1ffffc60                PROVIDE (__bss_start__, __START_BSS)
 *(.bss)
 .bss           0x1ffffc60       0x1c /opt/Freescale/KDS_v3/toolchain/bin/../lib/gcc/arm-none-eabi/4.8.4/armv6-m/crtbegin.o
 *(.bss*)
 .bss.button_msg
                0x1ffffc7c        0x1 ./Sources/main.o
 *fill*         0x1ffffc7d        0x3 
 .bss.nrt.5392  0x1ffffc80        0x4 ./Sources/main.o
 .bss.state.5393
                0x1ffffc84        0x1 ./Sources/main.o
 *fill*         0x1ffffc85        0x3 
 .bss.nrt.5415  0x1ffffc88        0x4 ./Sources/main.o
 .bss.state.5416
                0x1ffffc8c        0x1 ./Sources/main.o
 *(COMMON)
 *fill*         0x1ffffc8d        0x3 
 COMMON         0x1ffffc90        0x4 ./Sources/mySysTick.o
                0x1ffffc90                tick
                0x1ffffc94                . = ALIGN (0x4)
                0x1ffffc94                __END_BSS = .
                0x1ffffc94                PROVIDE (__bss_end__, __END_BSS)
                0x00000c74                _romp_at = (___ROM_AT + SIZEOF (.data))

.romp           0x1ffffc94       0x18 load address 0x00000c74
                0x00000c74                __S_romp = _romp_at
                0x1ffffc94        0x4 LONG 0xc14 ___ROM_AT
                0x1ffffc98        0x4 LONG 0x1ffffc00 _sdata
                0x1ffffc9c        0x4 LONG 0x60 ___data_size
                0x1ffffca0        0x4 LONG 0x0
                0x1ffffca4        0x4 LONG 0x0
                0x1ffffca8        0x4 LONG 0x0
                0x00008000                text_end = (ORIGIN (m_text) + 0x7bf0)
                0x00000c8c                data_init_end = ((___ROM_AT + SIZEOF (.data)) + SIZEOF (.romp))
                0x00000001                ASSERT ((data_init_end <= text_end), region m_text overflowed with text and data)

._user_heap_stack
                0x1ffffcac      0x100 load address 0x00000c8c
                0x1ffffcac                . = ALIGN (0x4)
                0x1ffffcac                PROVIDE (end, .)
                0x1ffffcac                PROVIDE (_end, .)
                0x1ffffcac                PROVIDE (__end__, .)
                0x1ffffcac                __heap_addr = .
                0x1ffffcac                __HeapBase = .
                0x1ffffcac                . = (. + __heap_size)
                0x1ffffcac                __HeapLimit = .
                0x1ffffdac                . = (. + __stack_size)
 *fill*         0x1ffffcac      0x100 
                0x1ffffdac                . = ALIGN (0x4)

.ARM.attributes
                0x00000000       0x28
 *(.ARM.attributes)
 .ARM.attributes
                0x00000000       0x1e /opt/Freescale/KDS_v3/toolchain/bin/../lib/gcc/arm-none-eabi/4.8.4/armv6-m/crti.o
 .ARM.attributes
                0x0000001e       0x2c /opt/Freescale/KDS_v3/toolchain/bin/../lib/gcc/arm-none-eabi/4.8.4/armv6-m/crtbegin.o
 .ARM.attributes
                0x0000004a       0x1b /opt/Freescale/KDS_v3/toolchain/bin/../lib/gcc/arm-none-eabi/4.8.4/../../../../arm-none-eabi/lib/armv6-m/crt0.o
 .ARM.attributes
                0x00000065       0x32 ./Sources/Events.o
 .ARM.attributes
                0x00000097       0x32 ./Sources/main.o
 .ARM.attributes
                0x000000c9       0x32 ./Sources/mySysTick.o
 .ARM.attributes
                0x000000fb       0x32 ./Project_Settings/Startup_Code/startup.o
 .ARM.attributes
                0x0000012d       0x32 ./Generated_Code/Cpu.o
 .ARM.attributes
                0x0000015f       0x32 ./Generated_Code/PTB.o
 .ARM.attributes
                0x00000191       0x32 ./Generated_Code/SysTick.o
 .ARM.attributes
                0x000001c3       0x32 ./Generated_Code/Vectors.o
 .ARM.attributes
                0x000001f5       0x2c /opt/Freescale/KDS_v3/toolchain/bin/../lib/gcc/arm-none-eabi/4.8.4/../../../../arm-none-eabi/lib/armv6-m/libg_s.a(lib_a-exit.o)
 .ARM.attributes
                0x00000221       0x2c /opt/Freescale/KDS_v3/toolchain/bin/../lib/gcc/arm-none-eabi/4.8.4/../../../../arm-none-eabi/lib/armv6-m/libg_s.a(lib_a-impure.o)
 .ARM.attributes
                0x0000024d       0x2c /opt/Freescale/KDS_v3/toolchain/bin/../lib/gcc/arm-none-eabi/4.8.4/../../../../arm-none-eabi/lib/armv6-m/libg_s.a(lib_a-init.o)
 .ARM.attributes
                0x00000279       0x2c /opt/Freescale/KDS_v3/toolchain/bin/../lib/gcc/arm-none-eabi/4.8.4/../../../../arm-none-eabi/lib/armv6-m/libg_s.a(lib_a-memset.o)
 .ARM.attributes
                0x000002a5       0x2c /opt/Freescale/KDS_v3/toolchain/bin/../lib/gcc/arm-none-eabi/4.8.4/../../../../arm-none-eabi/lib/armv6-m/libnosys.a(_exit.o)
 .ARM.attributes
                0x000002d1       0x1e /opt/Freescale/KDS_v3/toolchain/bin/../lib/gcc/arm-none-eabi/4.8.4/armv6-m/crtn.o
OUTPUT(junk.elf elf32-littlearm)

.debug_info     0x00000000     0x10bf
 .debug_info    0x00000000       0x96 ./Sources/Events.o
 .debug_info    0x00000096      0x286 ./Sources/main.o
 .debug_info    0x0000031c       0x58 ./Sources/mySysTick.o
 .debug_info    0x00000374      0x20a ./Project_Settings/Startup_Code/startup.o
 .debug_info    0x0000057e      0x80f ./Generated_Code/Cpu.o
 .debug_info    0x00000d8d      0x11f ./Generated_Code/PTB.o
 .debug_info    0x00000eac      0x105 ./Generated_Code/SysTick.o
 .debug_info    0x00000fb1      0x10e ./Generated_Code/Vectors.o

.debug_abbrev   0x00000000      0x634
 .debug_abbrev  0x00000000       0x45 ./Sources/Events.o
 .debug_abbrev  0x00000045      0x152 ./Sources/main.o
 .debug_abbrev  0x00000197       0x52 ./Sources/mySysTick.o
 .debug_abbrev  0x000001e9      0x11e ./Project_Settings/Startup_Code/startup.o
 .debug_abbrev  0x00000307      0x160 ./Generated_Code/Cpu.o
 .debug_abbrev  0x00000467       0x8d ./Generated_Code/PTB.o
 .debug_abbrev  0x000004f4       0x9c ./Generated_Code/SysTick.o
 .debug_abbrev  0x00000590       0xa4 ./Generated_Code/Vectors.o

.debug_aranges  0x00000000      0x170
 .debug_aranges
                0x00000000       0x20 ./Sources/Events.o
 .debug_aranges
                0x00000020       0x50 ./Sources/main.o
 .debug_aranges
                0x00000070       0x20 ./Sources/mySysTick.o
 .debug_aranges
                0x00000090       0x50 ./Project_Settings/Startup_Code/startup.o
 .debug_aranges
                0x000000e0       0x38 ./Generated_Code/Cpu.o
 .debug_aranges
                0x00000118       0x20 ./Generated_Code/PTB.o
 .debug_aranges
                0x00000138       0x20 ./Generated_Code/SysTick.o
 .debug_aranges
                0x00000158       0x18 ./Generated_Code/Vectors.o

.debug_ranges   0x00000000       0xe8
 .debug_ranges  0x00000000       0x10 ./Sources/Events.o
 .debug_ranges  0x00000010       0x40 ./Sources/main.o
 .debug_ranges  0x00000050       0x10 ./Sources/mySysTick.o
 .debug_ranges  0x00000060       0x40 ./Project_Settings/Startup_Code/startup.o
 .debug_ranges  0x000000a0       0x28 ./Generated_Code/Cpu.o
 .debug_ranges  0x000000c8       0x10 ./Generated_Code/PTB.o
 .debug_ranges  0x000000d8       0x10 ./Generated_Code/SysTick.o

.debug_macro    0x00000000     0xd81f
 .debug_macro   0x00000000       0xbd ./Sources/Events.o
 .debug_macro   0x000000bd      0x802 ./Sources/Events.o
 .debug_macro   0x000008bf       0x16 ./Sources/Events.o
 .debug_macro   0x000008d5       0x44 ./Sources/Events.o
 .debug_macro   0x00000919      0x209 ./Sources/Events.o
 .debug_macro   0x00000b22     0x1568 ./Sources/Events.o
 .debug_macro   0x0000208a      0x14e ./Sources/Events.o
 .debug_macro   0x000021d8       0x5e ./Sources/Events.o
 .debug_macro   0x00002236     0x51d7 ./Sources/Events.o
 .debug_macro   0x0000740d       0x94 ./Sources/Events.o
 .debug_macro   0x000074a1       0x12 ./Sources/Events.o
 .debug_macro   0x000074b3       0x10 ./Sources/Events.o
 .debug_macro   0x000074c3       0xde ./Sources/main.o
 .debug_macro   0x000075a1       0x94 ./Sources/main.o
 .debug_macro   0x00007635      0x12c ./Sources/main.o
 .debug_macro   0x00007761       0x22 ./Sources/main.o
 .debug_macro   0x00007783       0x11 ./Sources/mySysTick.o
 .debug_macro   0x00007794      0x121 ./Project_Settings/Startup_Code/startup.o
 .debug_macro   0x000078b5       0x58 ./Project_Settings/Startup_Code/startup.o
 .debug_macro   0x0000790d       0x35 ./Project_Settings/Startup_Code/startup.o
 .debug_macro   0x00007942       0xa3 ./Project_Settings/Startup_Code/startup.o
 .debug_macro   0x000079e5      0x166 ./Project_Settings/Startup_Code/startup.o
 .debug_macro   0x00007b4b       0x4a ./Project_Settings/Startup_Code/startup.o
 .debug_macro   0x00007b95       0x52 ./Project_Settings/Startup_Code/startup.o
 .debug_macro   0x00007be7       0x16 ./Project_Settings/Startup_Code/startup.o
 .debug_macro   0x00007bfd       0x43 ./Project_Settings/Startup_Code/startup.o
 .debug_macro   0x00007c40      0x180 ./Project_Settings/Startup_Code/startup.o
 .debug_macro   0x00007dc0      0x2a6 ./Project_Settings/Startup_Code/startup.o
 .debug_macro   0x00008066       0x10 ./Project_Settings/Startup_Code/startup.o
 .debug_macro   0x00008076       0x35 ./Project_Settings/Startup_Code/startup.o
 .debug_macro   0x000080ab       0x16 ./Project_Settings/Startup_Code/startup.o
 .debug_macro   0x000080c1       0x22 ./Project_Settings/Startup_Code/startup.o
 .debug_macro   0x000080e3       0x10 ./Project_Settings/Startup_Code/startup.o
 .debug_macro   0x000080f3      0x20f ./Project_Settings/Startup_Code/startup.o
 .debug_macro   0x00008302     0x51cb ./Project_Settings/Startup_Code/startup.o
 .debug_macro   0x0000d4cd       0xc2 ./Generated_Code/Cpu.o
 .debug_macro   0x0000d58f       0x9a ./Generated_Code/Cpu.o
 .debug_macro   0x0000d629       0x95 ./Generated_Code/PTB.o
 .debug_macro   0x0000d6be       0x8f ./Generated_Code/SysTick.o
 .debug_macro   0x0000d74d       0xb9 ./Generated_Code/Vectors.o
 .debug_macro   0x0000d806       0x19 ./Generated_Code/Vectors.o

.debug_line     0x00000000     0x14da
 .debug_line    0x00000000      0x274 ./Sources/Events.o
 .debug_line    0x00000274      0x38e ./Sources/main.o
 .debug_line    0x00000602       0x46 ./Sources/mySysTick.o
 .debug_line    0x00000648      0x3ee ./Project_Settings/Startup_Code/startup.o
 .debug_line    0x00000a36      0x36d ./Generated_Code/Cpu.o
 .debug_line    0x00000da3      0x21a ./Generated_Code/PTB.o
 .debug_line    0x00000fbd      0x223 ./Generated_Code/SysTick.o
 .debug_line    0x000011e0      0x2fa ./Generated_Code/Vectors.o

.debug_str      0x00000000    0x287b5
 .debug_str     0x00000000    0x24f63 ./Sources/Events.o
                              0x25359 (size before relaxing)
 .debug_str     0x00024f63      0xeb8 ./Sources/main.o
                              0x261ff (size before relaxing)
 .debug_str     0x00025e1b       0x21 ./Sources/mySysTick.o
                               0x22e6 (size before relaxing)
 .debug_str     0x00025e3c     0x25f6 ./Project_Settings/Startup_Code/startup.o
                              0x20b96 (size before relaxing)
 .debug_str     0x00028432      0x2f6 ./Generated_Code/Cpu.o
                              0x2565a (size before relaxing)
 .debug_str     0x00028728       0x21 ./Generated_Code/PTB.o
                              0x2536e (size before relaxing)
 .debug_str     0x00028749       0x50 ./Generated_Code/SysTick.o
                              0x25351 (size before relaxing)
 .debug_str     0x00028799       0x1c ./Generated_Code/Vectors.o
                              0x253a1 (size before relaxing)

.comment        0x00000000       0x70
 .comment       0x00000000       0x70 ./Sources/Events.o
                                 0x71 (size before relaxing)
 .comment       0x00000000       0x71 ./Sources/main.o
 .comment       0x00000000       0x71 ./Sources/mySysTick.o
 .comment       0x00000000       0x71 ./Project_Settings/Startup_Code/startup.o
 .comment       0x00000000       0x71 ./Generated_Code/Cpu.o
 .comment       0x00000000       0x71 ./Generated_Code/PTB.o
 .comment       0x00000000       0x71 ./Generated_Code/SysTick.o
 .comment       0x00000000       0x71 ./Generated_Code/Vectors.o

.debug_frame    0x00000000      0x36c
 .debug_frame   0x00000000       0x2c ./Sources/Events.o
 .debug_frame   0x0000002c       0xd8 ./Sources/main.o
 .debug_frame   0x00000104       0x2c ./Sources/mySysTick.o
 .debug_frame   0x00000130       0xd0 ./Project_Settings/Startup_Code/startup.o
 .debug_frame   0x00000200       0x80 ./Generated_Code/Cpu.o
 .debug_frame   0x00000280       0x2c ./Generated_Code/PTB.o
 .debug_frame   0x000002ac       0x2c ./Generated_Code/SysTick.o
 .debug_frame   0x000002d8       0x28 /opt/Freescale/KDS_v3/toolchain/bin/../lib/gcc/arm-none-eabi/4.8.4/../../../../arm-none-eabi/lib/armv6-m/libg_s.a(lib_a-exit.o)
 .debug_frame   0x00000300       0x2c /opt/Freescale/KDS_v3/toolchain/bin/../lib/gcc/arm-none-eabi/4.8.4/../../../../arm-none-eabi/lib/armv6-m/libg_s.a(lib_a-init.o)
 .debug_frame   0x0000032c       0x20 /opt/Freescale/KDS_v3/toolchain/bin/../lib/gcc/arm-none-eabi/4.8.4/../../../../arm-none-eabi/lib/armv6-m/libg_s.a(lib_a-memset.o)
 .debug_frame   0x0000034c       0x20 /opt/Freescale/KDS_v3/toolchain/bin/../lib/gcc/arm-none-eabi/4.8.4/../../../../arm-none-eabi/lib/armv6-m/libnosys.a(_exit.o)
